---
source: crates/kply-cli/tests/cli.rs
expression: value
---
{
  "app": "checkout",
  "mutation": "not_applied",
  "planned_resources": [
    {
      "kind": "Deployment",
      "name": "checkout-plan-workload",
      "namespace": "shop"
    },
    {
      "kind": "HTTPRoute",
      "name": "checkout-plan-route",
      "namespace": "shop"
    },
    {
      "kind": "Service",
      "name": "checkout-plan-service",
      "namespace": "shop"
    }
  ],
  "session_id": "checkout-plan",
  "status": "planned"
}
