---
source: crates/kply-cli/tests/cli.rs
assertion_line: 509
expression: value
---
{
  "id": "checkout-plan",
  "image": "ghcr.io/kubeply/checkout:v2",
  "name": "checkout-session",
  "planned_annotations": [
    {
      "key": "kply.dev/image",
      "value": "ghcr.io/kubeply/checkout:v2"
    },
    {
      "key": "kply.dev/route-strategy",
      "value": "header"
    },
    {
      "key": "kply.dev/workload",
      "value": "staging/Deployment/checkout-api"
    }
  ],
  "planned_checks": [
    {
      "name": "image_pull",
      "target": "ghcr.io/kubeply/checkout:v2"
    },
    {
      "name": "route_ready",
      "target": "header"
    },
    {
      "name": "service_endpoints",
      "target": "staging/checkout-plan-service"
    },
    {
      "name": "workload_ready",
      "target": "staging/Deployment/checkout-api"
    }
  ],
  "planned_cleanup_steps": [
    {
      "action": "delete_route",
      "target": "staging/HTTPRoute/checkout-plan-route"
    },
    {
      "action": "delete_service",
      "target": "staging/Service/checkout-plan-service"
    },
    {
      "action": "delete_workload",
      "target": "staging/Deployment/checkout-plan-workload"
    }
  ],
  "planned_labels": [
    {
      "key": "kply.dev/app",
      "value": "checkout"
    },
    {
      "key": "kply.dev/managed-by",
      "value": "kply"
    },
    {
      "key": "kply.dev/session-id",
      "value": "checkout-plan"
    },
    {
      "key": "kply.dev/session-name",
      "value": "checkout-session"
    }
  ],
  "planned_resources": [
    {
      "kind": "Deployment",
      "name": "checkout-plan-workload",
      "namespace": "staging"
    },
    {
      "kind": "HTTPRoute",
      "name": "checkout-plan-route",
      "namespace": "staging"
    },
    {
      "kind": "Service",
      "name": "checkout-plan-service",
      "namespace": "staging"
    }
  ],
  "policy": {
    "allowed_operations": [
      "inspect",
      "plan",
      "prepare",
      "route",
      "verify",
      "cleanup"
    ]
  },
  "route_selector": {
    "kind": "header",
    "name": "x-kply-session",
    "value": "checkout-plan"
  },
  "status": "planned",
  "ttl": "30m",
  "workload": {
    "kind": "Deployment",
    "name": "checkout-api",
    "namespace": "staging"
  }
}
