---
source: crates/kply-cli/tests/cli.rs
assertion_line: 337
expression: value
---
{
  "id": "checkout-plan",
  "image": "ghcr.io/acme/checkout:next",
  "name": "checkout-session",
  "policy": {
    "allowed_operations": [
      "inspect",
      "plan",
      "prepare",
      "route",
      "verify",
      "cleanup"
    ]
  },
  "route_selector": {
    "kind": "header",
    "name": "x-kply-session",
    "value": "checkout-plan"
  },
  "status": "planned",
  "ttl": "30m",
  "workload": {
    "kind": "Deployment",
    "name": "checkout-api",
    "namespace": "shop"
  }
}
