---
source: crates/kply-cli/tests/cli.rs
assertion_line: 473
expression: output
---
kply app list

Apps
  configured  2
  namespaces  1
  legend      ▣ workload  ◇ service  ↳ route  ◎ image

shop
  ✓ checkout
      ▣ checkout-api
      ◇ checkout-http
      ↳ header
      ◎ ghcr.io/acme/checkout:next
  ✓ catalog
      ▣ catalog-api
      ◇ catalog-http
      ↳ preview
