---
source: crates/kply-cli/tests/cli.rs
assertion_line: 477
expression: output
---
kply session plan checkout
id: checkout-plan
name: checkout-session
workload: staging/Deployment/checkout-api
image: ghcr.io/kubeply/checkout:v2
planned_resources: 3
  resource: staging/Deployment/checkout-plan-workload
  resource: staging/HTTPRoute/checkout-plan-route
  resource: staging/Service/checkout-plan-service
route_selector: header:x-kply-session=checkout-plan
policy_operations: 6
status: planned
ttl: 30m
