---
source: crates/kply-cli/tests/cli.rs
assertion_line: 1757
expression: value
---
{
  "apply": false,
  "cleanup_selector": {
    "matchLabels": {
      "kply.dev/managed-by": "kply",
      "kply.dev/session-id": "checkout-plan"
    }
  },
  "cleanup_target": null,
  "mutation": "not_applied",
  "planned_resource": null,
  "route_kind": "HTTPRoute",
  "session_id": "checkout-plan",
  "status": "planned",
  "unsupported_routes": [
    {
      "action": "rerun_with_namespace",
      "feature": "temporary_http_route",
      "reason": "namespace_required",
      "strategy": "gateway_api"
    }
  ]
}
