---
source: crates/kply-cli/tests/cli.rs
expression: output
---
kply session plan checkout-db
id: checkout-db-plan
name: checkout-db-session
workload: shop/Deployment/checkout-postgres
image: postgres:16
planned_resources: 2
  resource: shop/Deployment/checkout-db-plan-workload
  resource: shop/Service/checkout-db-plan-service
planned_labels: 4
  label: kply.dev/app=checkout-db
  label: kply.dev/managed-by=kply
  label: kply.dev/session-id=checkout-db-plan
  label: kply.dev/session-name=checkout-db-session
planned_annotations: 3
  annotation: kply.dev/image=postgres:16
  annotation: kply.dev/route-strategy=preview
  annotation: kply.dev/workload=shop/Deployment/checkout-postgres
planned_checks: 4
  check: image_pull -> postgres:16
  check: route_ready -> shop/checkout-db-plan-service
  check: service_endpoints -> shop/checkout-db-plan-service
  check: workload_ready -> shop/Deployment/checkout-postgres
planned_cleanup_steps: 2
  cleanup: delete_service -> shop/Service/checkout-db-plan-service
  cleanup: delete_workload -> shop/Deployment/checkout-db-plan-workload
required_permissions: 3
  permission: core/pods [get,list,watch]
  permission: core/services [create,delete,get,patch]
  permission: apps/deployments [create,delete,get,patch]
unsupported_feature_warnings: 1
  unsupported: edge_route_validation: preview_service_skips_edge_route_validation
risk_notes: 1
  risk: warning:database -> app:checkout-db (database_reference_requires_manual_review)
route_selector: <none>
policy_operations: 6
status: planned
