---
source: crates/kply-core/src/lib.rs
assertion_line: 6837
expression: value
---
{
  "plan": {
    "id": "session-123",
    "image": "registry.example.com/checkout/api:v2",
    "name": "checkout-test",
    "planned_annotations": [],
    "planned_checks": [],
    "planned_cleanup_steps": [],
    "planned_labels": [],
    "planned_resources": [],
    "policy": {
      "allowed_operations": [
        "inspect",
        "plan",
        "prepare",
        "route",
        "verify",
        "cleanup"
      ]
    },
    "required_permissions": [],
    "route_selector": null,
    "status": "planned",
    "ttl": null,
    "workload": {
      "kind": "Deployment",
      "name": "checkout-api",
      "namespace": "checkout"
    }
  },
  "status": "ready"
}
