---
source: crates/kply-core/src/lib.rs
assertion_line: 4554
expression: test_app_graph()
---
{
  "workload": {
    "namespace": "checkout",
    "kind": "Deployment",
    "name": "checkout-api"
  },
  "owned_pods": [
    {
      "namespace": "checkout",
      "name": "checkout-api-7d9f4d9d-a"
    },
    {
      "namespace": "checkout",
      "name": "checkout-api-7d9f4d9d-b"
    }
  ],
  "selecting_services": [
    {
      "namespace": "checkout",
      "name": "checkout-api"
    },
    {
      "namespace": "checkout",
      "name": "checkout-api-private"
    }
  ],
  "service_routes": [
    {
      "service": {
        "namespace": "checkout",
        "name": "checkout-api"
      },
      "route": {
        "namespace": "checkout",
        "kind": "Ingress",
        "name": "checkout"
      }
    },
    {
      "service": {
        "namespace": "checkout",
        "name": "checkout-api-private"
      },
      "route": {
        "namespace": "checkout",
        "kind": "HTTPRoute",
        "name": "checkout-api-private"
      }
    }
  ],
  "probe_facts": [
    {
      "container": {
        "workload": {
          "namespace": "checkout",
          "kind": "Deployment",
          "name": "checkout-api"
        },
        "name": "api"
      },
      "readiness_probe": true,
      "liveness_probe": true,
      "startup_probe": false
    },
    {
      "container": {
        "workload": {
          "namespace": "checkout",
          "kind": "Deployment",
          "name": "checkout-api"
        },
        "name": "worker"
      },
      "readiness_probe": false,
      "liveness_probe": true,
      "startup_probe": false
    }
  ],
  "image_facts": [
    {
      "container": {
        "workload": {
          "namespace": "checkout",
          "kind": "Deployment",
          "name": "checkout-api"
        },
        "name": "api"
      },
      "image": "registry.example.com/checkout/api:v2"
    },
    {
      "container": {
        "workload": {
          "namespace": "checkout",
          "kind": "Deployment",
          "name": "checkout-api"
        },
        "name": "worker"
      },
      "image": "registry.example.com/checkout/worker:v1"
    }
  ],
  "resource_facts": [
    {
      "container": {
        "workload": {
          "namespace": "checkout",
          "kind": "Deployment",
          "name": "checkout-api"
        },
        "name": "api"
      },
      "cpu_request": "250m",
      "cpu_limit": "500m",
      "memory_request": "512Mi",
      "memory_limit": "1Gi"
    },
    {
      "container": {
        "workload": {
          "namespace": "checkout",
          "kind": "Deployment",
          "name": "checkout-api"
        },
        "name": "worker"
      },
      "cpu_request": null,
      "cpu_limit": null,
      "memory_request": "128Mi",
      "memory_limit": "256Mi"
    }
  ],
  "config_references": [
    {
      "container": {
        "workload": {
          "namespace": "checkout",
          "kind": "Deployment",
          "name": "checkout-api"
        },
        "name": "api"
      },
      "config_map": {
        "namespace": "checkout",
        "name": "checkout-api-config"
      }
    },
    {
      "container": {
        "workload": {
          "namespace": "checkout",
          "kind": "Deployment",
          "name": "checkout-api"
        },
        "name": "worker"
      },
      "config_map": {
        "namespace": "checkout",
        "name": "checkout-worker-config"
      }
    }
  ],
  "secret_references": [
    {
      "container": {
        "workload": {
          "namespace": "checkout",
          "kind": "Deployment",
          "name": "checkout-api"
        },
        "name": "api"
      },
      "secret": {
        "namespace": "checkout",
        "name": "checkout-api-credentials"
      }
    },
    {
      "container": {
        "workload": {
          "namespace": "checkout",
          "kind": "Deployment",
          "name": "checkout-api"
        },
        "name": "worker"
      },
      "secret": {
        "namespace": "checkout",
        "name": "checkout-worker-credentials"
      }
    }
  ],
  "relationship_confidences": [
    {
      "relationship": {
        "kind": "workload_pod_ownership",
        "pod": {
          "namespace": "checkout",
          "name": "checkout-api-7d9f4d9d-a"
        }
      },
      "confidence": "high"
    },
    {
      "relationship": {
        "kind": "workload_service_selection",
        "service": {
          "namespace": "checkout",
          "name": "checkout-api-private"
        }
      },
      "confidence": "medium"
    },
    {
      "relationship": {
        "kind": "service_route_reference",
        "service": {
          "namespace": "checkout",
          "name": "checkout-api"
        },
        "route": {
          "namespace": "checkout",
          "kind": "Ingress",
          "name": "checkout"
        }
      },
      "confidence": "high"
    },
    {
      "relationship": {
        "kind": "container_config_reference",
        "container": {
          "workload": {
            "namespace": "checkout",
            "kind": "Deployment",
            "name": "checkout-api"
          },
          "name": "api"
        },
        "config_map": {
          "namespace": "checkout",
          "name": "checkout-api-config"
        }
      },
      "confidence": "high"
    },
    {
      "relationship": {
        "kind": "container_secret_reference",
        "container": {
          "workload": {
            "namespace": "checkout",
            "kind": "Deployment",
            "name": "checkout-api"
          },
          "name": "api"
        },
        "secret": {
          "namespace": "checkout",
          "name": "checkout-api-credentials"
        }
      },
      "confidence": "low"
    }
  ],
  "warnings": [
    {
      "kind": "ambiguous_service_selector",
      "service": {
        "namespace": "checkout",
        "name": "checkout-api"
      },
      "candidate_workloads": [
        {
          "namespace": "checkout",
          "kind": "Deployment",
          "name": "checkout-api"
        },
        {
          "namespace": "checkout",
          "kind": "Deployment",
          "name": "checkout-worker"
        }
      ]
    },
    {
      "kind": "missing_route",
      "service": {
        "namespace": "checkout",
        "name": "checkout-api-private"
      }
    }
  ]
}
